<!DOCTYPE html>
<html lang="en">
<head>
  <title>T11</title>
  <meta charset="UTF-8">
  <meta name="viewport" content="width=device-width, initial-scale=1.0">
  
  <!-- stylesheets *******************************************-->
  <link rel="stylesheet" href="../css/style.css">
</head>

<!--*************************************************************
  BODY
**************************************************************-->
<body>
  <h1>T11 - Testing expected cases</h1>
  <script src="../t11_testing.js"></script>
   <div class="w3-container">
    <h1>????????</h1>
    <button class="w3-btn w3-????? w3-xxlarge" type="button"
    onclick="start ();">start</button>
  </div>
</body>
</html>
<!--*************************************************************
  END OF T11_TESTING_EXPECTED.HTML
**************************************************************-->